program
 declista
  Declaracao Var ID : f 
   tipo: int
   Declaracao Var ID : d 
    tipo: int
    Declaracao Var ID : b 
     tipo: int
     Declaracao Var ID : a 
      tipo: int
  declista
   Declaracao Var ID : c 
    tipo: int
